warning: Malware checks are experimental and may change without warning. Pass `--preview-features malware-check` to disable this warning.
loaded cache: 3000 real pairs, 7301 candidates
generating synthetic comments for up to 4000 blocks (concurrency 3) ...
resuming from partial: 82 accepted examples
  [hb] synth=82/4000 queue=6372 oc[ok=0 e429=6] or[ok=0 e429=40 ejson=0] no_ok_for=340s elapsed=300s
  [hb] synth=82/4000 queue=6376 oc[ok=0 e429=8] or[ok=0 e429=48 ejson=0] no_ok_for=640s elapsed=600s
  [hb] synth=82/4000 queue=6380 oc[ok=0 e429=10] or[ok=0 e429=59 ejson=0] no_ok_for=940s elapsed=900s
  [hb] synth=82/4000 queue=6384 oc[ok=0 e429=12] or[ok=0 e429=74 ejson=0] no_ok_for=1240s elapsed=1200s
  [hb] synth=82/4000 queue=6388 oc[ok=0 e429=14] or[ok=0 e429=84 ejson=0] no_ok_for=1540s elapsed=1500s
  [hb] synth=82/4000 queue=6393 oc[ok=0 e429=16] or[ok=0 e429=97 ejson=0] no_ok_for=1840s elapsed=1800s
  [hb] synth=82/4000 queue=6396 oc[ok=0 e429=18] or[ok=0 e429=108 ejson=0] no_ok_for=2140s elapsed=2100s
  [hb] synth=82/4000 queue=6401 oc[ok=0 e429=20] or[ok=0 e429=122 ejson=0] no_ok_for=2440s elapsed=2400s
  [hb] synth=82/4000 queue=6405 oc[ok=0 e429=22] or[ok=0 e429=132 ejson=0] no_ok_for=2740s elapsed=2700s
  [hb] synth=82/4000 queue=6409 oc[ok=0 e429=24] or[ok=0 e429=147 ejson=0] no_ok_for=3040s elapsed=3000s
warning: Malware checks are experimental and may change without warning. Pass `--preview-features malware-check` to disable this warning.
loaded cache: 3000 real pairs, 7301 candidates
generating synthetic comments for up to 4000 blocks (concurrency 3) ...
resuming from partial: 82 accepted examples
  [hb] synth=82/4000 queue=6373 oc[ok=0 e429=6] or[ok=0 e429=44 ejson=0] no_ok_for=328s elapsed=301s
  [hb] synth=82/4000 queue=6378 oc[ok=0 e429=8] or[ok=0 e429=54 ejson=0] no_ok_for=628s elapsed=601s
  [hb] synth=82/4000 queue=6382 oc[ok=0 e429=10] or[ok=0 e429=66 ejson=0] no_ok_for=928s elapsed=901s
  [hb] synth=82/4000 queue=6386 oc[ok=0 e429=12] or[ok=0 e429=78 ejson=0] no_ok_for=1228s elapsed=1201s
  [hb] synth=82/4000 queue=6390 oc[ok=0 e429=14] or[ok=0 e429=91 ejson=0] no_ok_for=1528s elapsed=1501s
  [hb] synth=82/4000 queue=6394 oc[ok=0 e429=14] or[ok=0 e429=101 ejson=0] no_ok_for=1828s elapsed=1801s
  [hb] synth=82/4000 queue=6399 oc[ok=0 e429=16] or[ok=0 e429=116 ejson=0] no_ok_for=2128s elapsed=2101s
  [hb] synth=82/4000 queue=6402 oc[ok=0 e429=18] or[ok=0 e429=128 ejson=0] no_ok_for=2428s elapsed=2401s
  [hb] synth=82/4000 queue=6407 oc[ok=0 e429=20] or[ok=0 e429=142 ejson=0] no_ok_for=2728s elapsed=2701s
  [hb] synth=82/4000 queue=6411 oc[ok=0 e429=21] or[ok=0 e429=152 ejson=0] no_ok_for=3028s elapsed=3001s
  [hb] synth=82/4000 queue=6416 oc[ok=0 e429=22] or[ok=0 e429=167 ejson=0] no_ok_for=3328s elapsed=3301s
  [hb] synth=82/4000 queue=6420 oc[ok=0 e429=24] or[ok=0 e429=179 ejson=0] no_ok_for=3628s elapsed=3601s
  [hb] synth=82/4000 queue=6424 oc[ok=0 e429=26] or[ok=0 e429=194 ejson=0] no_ok_for=3928s elapsed=3901s
  [hb] synth=82/4000 queue=6429 oc[ok=0 e429=28] or[ok=0 e429=206 ejson=0] no_ok_for=4228s elapsed=4201s
  synth=82/4000 queue=6433 oc[ok=0 e429=30] or[ok=0 e429=218 epr=0 ejson=0 etmo=1] dropped={'api': 0, 'gate': 0, 'validate': 0, 'precheck': 17, 'exhausted': 0} no_ok_for=4516s elapsed=4490s
  [hb] synth=82/4000 queue=6343 oc[ok=0 e429=30] or[ok=0 e429=218 ejson=0] no_ok_for=4528s elapsed=4501s
  [hb] synth=82/4000 queue=6346 oc[ok=0 e429=32] or[ok=0 e429=230 ejson=0] no_ok_for=4828s elapsed=4801s
  [hb] synth=82/4000 queue=6350 oc[ok=0 e429=34] or[ok=0 e429=239 ejson=0] no_ok_for=5128s elapsed=5101s
  [hb] synth=82/4000 queue=6355 oc[ok=0 e429=34] or[ok=0 e429=254 ejson=0] no_ok_for=5428s elapsed=5401s
  [hb] synth=82/4000 queue=6359 oc[ok=0 e429=36] or[ok=0 e429=266 ejson=0] no_ok_for=5728s elapsed=5701s
  [hb] synth=82/4000 queue=6363 oc[ok=0 e429=38] or[ok=0 e429=280 ejson=0] no_ok_for=6029s elapsed=6002s
  [hb] synth=82/4000 queue=6368 oc[ok=0 e429=40] or[ok=0 e429=294 ejson=0] no_ok_for=6329s elapsed=6302s
  [hb] synth=82/4000 queue=6371 oc[ok=0 e429=42] or[ok=0 e429=302 ejson=0] no_ok_for=6629s elapsed=6602s
  [hb] synth=82/4000 queue=6374 oc[ok=0 e429=44] or[ok=0 e429=312 ejson=0] no_ok_for=6929s elapsed=6902s
  [hb] synth=82/4000 queue=6379 oc[ok=0 e429=46] or[ok=0 e429=325 ejson=0] no_ok_for=7229s elapsed=7202s
  [hb] synth=82/4000 queue=6384 oc[ok=0 e429=48] or[ok=0 e429=339 ejson=0] no_ok_for=7529s elapsed=7502s
  [hb] synth=82/4000 queue=6388 oc[ok=0 e429=50] or[ok=0 e429=354 ejson=0] no_ok_for=7829s elapsed=7802s
  [hb] synth=82/4000 queue=6393 oc[ok=0 e429=52] or[ok=0 e429=368 ejson=0] no_ok_for=8130s elapsed=8103s
  [hb] synth=82/4000 queue=6397 oc[ok=0 e429=54] or[ok=0 e429=378 ejson=0] no_ok_for=8430s elapsed=8403s
  [hb] synth=82/4000 queue=6402 oc[ok=0 e429=56] or[ok=0 e429=393 ejson=0] no_ok_for=8730s elapsed=8703s
  [hb] synth=82/4000 queue=6406 oc[ok=0 e429=58] or[ok=0 e429=408 ejson=0] no_ok_for=9030s elapsed=9003s
  [hb] synth=82/4000 queue=6410 oc[ok=0 e429=59] or[ok=0 e429=417 ejson=0] no_ok_for=9330s elapsed=9303s
  [hb] synth=82/4000 queue=6413 oc[ok=0 e429=60] or[ok=0 e429=426 ejson=0] no_ok_for=9630s elapsed=9603s
  [hb] synth=82/4000 queue=6417 oc[ok=0 e429=62] or[ok=0 e429=440 ejson=0] no_ok_for=9930s elapsed=9903s
  [hb] synth=82/4000 queue=6421 oc[ok=0 e429=64] or[ok=0 e429=451 ejson=0] no_ok_for=10230s elapsed=10203s
  synth=82/4000 queue=6422 oc[ok=0 e429=64] or[ok=0 e429=452 epr=0 ejson=0 etmo=4] dropped={'api': 0, 'gate': 0, 'validate': 0, 'precheck': 28, 'exhausted': 0} no_ok_for=10256s elapsed=10229s
  [hb] synth=82/4000 queue=6336 oc[ok=0 e429=66] or[ok=0 e429=464 ejson=0] no_ok_for=10530s elapsed=10503s
  [hb] synth=82/4000 queue=6339 oc[ok=0 e429=68] or[ok=0 e429=476 ejson=0] no_ok_for=10830s elapsed=10803s
  [hb] synth=82/4000 queue=6344 oc[ok=0 e429=70] or[ok=0 e429=490 ejson=0] no_ok_for=11130s elapsed=11103s
  [hb] synth=82/4000 queue=6349 oc[ok=0 e429=72] or[ok=0 e429=503 ejson=0] no_ok_for=11431s elapsed=11404s
  [hb] synth=82/4000 queue=6354 oc[ok=0 e429=74] or[ok=0 e429=518 ejson=0] no_ok_for=11731s elapsed=11704s
  [hb] synth=82/4000 queue=6358 oc[ok=0 e429=76] or[ok=0 e429=532 ejson=0] no_ok_for=12031s elapsed=12004s
  [hb] synth=82/4000 queue=6363 oc[ok=0 e429=78] or[ok=0 e429=545 ejson=0] no_ok_for=12331s elapsed=12304s
  [hb] synth=82/4000 queue=6366 oc[ok=0 e429=80] or[ok=0 e429=556 ejson=0] no_ok_for=12631s elapsed=12604s
  [hb] synth=82/4000 queue=6371 oc[ok=0 e429=80] or[ok=0 e429=569 ejson=0] no_ok_for=12931s elapsed=12904s
  [hb] synth=82/4000 queue=6374 oc[ok=0 e429=82] or[ok=0 e429=578 ejson=0] no_ok_for=13231s elapsed=13204s
  [hb] synth=82/4000 queue=6379 oc[ok=0 e429=84] or[ok=0 e429=593 ejson=0] no_ok_for=13531s elapsed=13504s
  [hb] synth=82/4000 queue=6383 oc[ok=0 e429=86] or[ok=0 e429=608 ejson=0] no_ok_for=13831s elapsed=13804s
  [hb] synth=82/4000 queue=6388 oc[ok=0 e429=88] or[ok=0 e429=620 ejson=0] no_ok_for=14131s elapsed=14104s
  [hb] synth=82/4000 queue=6392 oc[ok=0 e429=90] or[ok=0 e429=632 ejson=0] no_ok_for=14431s elapsed=14404s
  [hb] synth=82/4000 queue=6396 oc[ok=0 e429=92] or[ok=0 e429=647 ejson=0] no_ok_for=14731s elapsed=14704s
  [hb] synth=82/4000 queue=6401 oc[ok=0 e429=94] or[ok=0 e429=660 ejson=0] no_ok_for=15031s elapsed=15004s
  [hb] synth=82/4000 queue=6406 oc[ok=0 e429=96] or[ok=0 e429=674 ejson=0] no_ok_for=15331s elapsed=15304s
  [hb] synth=82/4000 queue=6409 oc[ok=0 e429=98] or[ok=0 e429=683 ejson=0] no_ok_for=15631s elapsed=15604s
  [hb] synth=82/4000 queue=6413 oc[ok=0 e429=98] or[ok=0 e429=695 ejson=0] no_ok_for=15931s elapsed=15904s
  synth=82/4000 queue=6414 oc[ok=0 e429=100] or[ok=0 e429=698 epr=0 ejson=0 etmo=4] dropped={'api': 0, 'gate': 0, 'validate': 0, 'precheck': 36, 'exhausted': 0} no_ok_for=15994s elapsed=15967s
  [hb] synth=82/4000 queue=6328 oc[ok=0 e429=100] or[ok=0 e429=710 ejson=0] no_ok_for=16231s elapsed=16204s
  [hb] synth=82/4000 queue=6333 oc[ok=0 e429=102] or[ok=0 e429=725 ejson=0] no_ok_for=16531s elapsed=16505s
  [hb] synth=82/4000 queue=6336 oc[ok=0 e429=104] or[ok=0 e429=734 ejson=0] no_ok_for=16831s elapsed=16805s
  [hb] synth=82/4000 queue=6338 oc[ok=0 e429=106] or[ok=0 e429=743 ejson=0] no_ok_for=17131s elapsed=17105s
  [hb] synth=82/4000 queue=6343 oc[ok=0 e429=106] or[ok=0 e429=755 ejson=0] no_ok_for=17432s elapsed=17405s
  [hb] synth=82/4000 queue=6347 oc[ok=0 e429=108] or[ok=0 e429=770 ejson=0] no_ok_for=17732s elapsed=17705s
  [hb] synth=82/4000 queue=6352 oc[ok=0 e429=110] or[ok=0 e429=785 ejson=0] no_ok_for=18032s elapsed=18005s
  [hb] synth=82/4000 queue=6357 oc[ok=0 e429=112] or[ok=0 e429=797 ejson=0] no_ok_for=18332s elapsed=18305s
  [hb] synth=82/4000 queue=6361 oc[ok=0 e429=114] or[ok=0 e429=812 ejson=0] no_ok_for=18632s elapsed=18605s
  [hb] synth=82/4000 queue=6366 oc[ok=0 e429=116] or[ok=0 e429=825 ejson=0] no_ok_for=18932s elapsed=18905s
  [hb] synth=82/4000 queue=6370 oc[ok=0 e429=116] or[ok=0 e429=839 ejson=0] no_ok_for=19232s elapsed=19205s
  [hb] synth=82/4000 queue=6375 oc[ok=0 e429=118] or[ok=0 e429=853 ejson=0] no_ok_for=19532s elapsed=19505s
  [hb] synth=82/4000 queue=6380 oc[ok=0 e429=120] or[ok=0 e429=868 ejson=0] no_ok_for=19832s elapsed=19805s
  [hb] synth=82/4000 queue=6385 oc[ok=0 e429=122] or[ok=0 e429=883 ejson=0] no_ok_for=20132s elapsed=20105s
  [hb] synth=82/4000 queue=6390 oc[ok=0 e429=124] or[ok=0 e429=898 ejson=0] no_ok_for=20432s elapsed=20405s
  [hb] synth=82/4000 queue=6395 oc[ok=0 e429=125] or[ok=0 e429=911 ejson=0] no_ok_for=20732s elapsed=20705s
  [hb] synth=82/4000 queue=6399 oc[ok=0 e429=126] or[ok=0 e429=923 ejson=0] no_ok_for=21032s elapsed=21005s
  [hb] synth=82/4000 queue=6403 oc[ok=0 e429=128] or[ok=0 e429=935 ejson=0] no_ok_for=21332s elapsed=21305s
  synth=82/4000 queue=6404 oc[ok=0 e429=128] or[ok=0 e429=938 epr=0 ejson=0 etmo=4] dropped={'api': 0, 'gate': 0, 'validate': 0, 'precheck': 46, 'exhausted': 0} no_ok_for=21424s elapsed=21397s
  [hb] synth=82/4000 queue=6317 oc[ok=0 e429=130] or[ok=0 e429=946 ejson=0] no_ok_for=21632s elapsed=21605s
  [hb] synth=82/4000 queue=6322 oc[ok=0 e429=132] or[ok=0 e429=961 ejson=0] no_ok_for=21932s elapsed=21905s
  [hb] synth=82/4000 queue=6326 oc[ok=0 e429=134] or[ok=0 e429=973 ejson=0] no_ok_for=22232s elapsed=22205s
  [hb] synth=82/4000 queue=6331 oc[ok=0 e429=134] or[ok=0 e429=988 ejson=0] no_ok_for=22532s elapsed=22505s
  [hb] synth=82/4000 queue=6336 oc[ok=0 e429=136] or[ok=0 e429=1003 ejson=0] no_ok_for=22832s elapsed=22805s
  [hb] synth=82/4000 queue=6341 oc[ok=0 e429=138] or[ok=0 e429=1018 ejson=0] no_ok_for=23132s elapsed=23105s
  [hb] synth=82/4000 queue=6346 oc[ok=0 e429=140] or[ok=0 e429=1033 ejson=0] no_ok_for=23432s elapsed=23405s
  [hb] synth=82/4000 queue=6349 oc[ok=0 e429=140] or[ok=0 e429=1042 ejson=0] no_ok_for=23732s elapsed=23705s
  [hb] synth=82/4000 queue=6353 oc[ok=0 e429=142] or[ok=0 e429=1054 ejson=0] no_ok_for=24032s elapsed=24005s
  [hb] synth=82/4000 queue=6358 oc[ok=0 e429=144] or[ok=0 e429=1069 ejson=0] no_ok_for=24332s elapsed=24305s
  [hb] synth=82/4000 queue=6363 oc[ok=0 e429=146] or[ok=0 e429=1084 ejson=0] no_ok_for=24632s elapsed=24605s
  [hb] synth=82/4000 queue=6367 oc[ok=0 e429=148] or[ok=0 e429=1099 ejson=0] no_ok_for=24932s elapsed=24905s
  [hb] synth=82/4000 queue=6371 oc[ok=0 e429=148] or[ok=0 e429=1108 ejson=0] no_ok_for=25232s elapsed=25205s
  [hb] synth=82/4000 queue=6375 oc[ok=0 e429=150] or[ok=0 e429=1123 ejson=0] no_ok_for=25532s elapsed=25505s
  [hb] synth=82/4000 queue=6380 oc[ok=0 e429=152] or[ok=0 e429=1138 ejson=0] no_ok_for=25832s elapsed=25806s
  [hb] synth=82/4000 queue=6385 oc[ok=0 e429=154] or[ok=0 e429=1153 ejson=0] no_ok_for=26132s elapsed=26106s
  [hb] synth=82/4000 queue=6390 oc[ok=0 e429=156] or[ok=0 e429=1165 ejson=0] no_ok_for=26432s elapsed=26406s
  [hb] synth=82/4000 queue=6392 oc[ok=0 e429=158] or[ok=0 e429=1172 ejson=0] no_ok_for=26733s elapsed=26706s
  synth=82/4000 queue=6395 oc[ok=0 e429=158] or[ok=0 e429=1179 epr=0 ejson=0 etmo=6] dropped={'api': 0, 'gate': 0, 'validate': 0, 'precheck': 55, 'exhausted': 0} no_ok_for=26868s elapsed=26841s
  [hb] synth=82/4000 queue=6307 oc[ok=0 e429=158] or[ok=0 e429=1185 ejson=0] no_ok_for=27033s elapsed=27006s
  [hb] synth=82/4000 queue=6310 oc[ok=0 e429=160] or[ok=0 e429=1196 ejson=0] no_ok_for=27333s elapsed=27306s
  [hb] synth=82/4000 queue=6315 oc[ok=0 e429=162] or[ok=0 e429=1211 ejson=0] no_ok_for=27633s elapsed=27606s
  [hb] synth=82/4000 queue=6320 oc[ok=0 e429=164] or[ok=0 e429=1226 ejson=0] no_ok_for=27933s elapsed=27906s
  [hb] synth=82/4000 queue=6325 oc[ok=0 e429=166] or[ok=0 e429=1240 ejson=0] no_ok_for=28233s elapsed=28206s
  [hb] synth=82/4000 queue=6330 oc[ok=0 e429=166] or[ok=0 e429=1254 ejson=0] no_ok_for=28533s elapsed=28506s
  [hb] synth=82/4000 queue=6333 oc[ok=0 e429=168] or[ok=0 e429=1263 ejson=0] no_ok_for=28833s elapsed=28806s
  [hb] synth=82/4000 queue=6337 oc[ok=0 e429=170] or[ok=0 e429=1275 ejson=0] no_ok_for=29133s elapsed=29106s
  [hb] synth=82/4000 queue=6341 oc[ok=0 e429=172] or[ok=0 e429=1287 ejson=0] no_ok_for=29433s elapsed=29406s
  [hb] synth=82/4000 queue=6346 oc[ok=0 e429=172] or[ok=0 e429=1302 ejson=0] no_ok_for=29733s elapsed=29706s
  [hb] synth=82/4000 queue=6351 oc[ok=0 e429=174] or[ok=0 e429=1317 ejson=0] no_ok_for=30033s elapsed=30006s
  [hb] synth=82/4000 queue=6356 oc[ok=0 e429=176] or[ok=0 e429=1332 ejson=0] no_ok_for=30333s elapsed=30306s
  [hb] synth=82/4000 queue=6361 oc[ok=0 e429=178] or[ok=0 e429=1347 ejson=0] no_ok_for=30633s elapsed=30606s
  [hb] synth=82/4000 queue=6366 oc[ok=0 e429=180] or[ok=0 e429=1362 ejson=0] no_ok_for=30933s elapsed=30906s
  [hb] synth=82/4000 queue=6370 oc[ok=0 e429=180] or[ok=0 e429=1374 ejson=0] no_ok_for=31233s elapsed=31206s
  [hb] synth=82/4000 queue=6373 oc[ok=0 e429=182] or[ok=0 e429=1383 ejson=0] no_ok_for=31533s elapsed=31506s
  [hb] synth=82/4000 queue=6378 oc[ok=0 e429=184] or[ok=0 e429=1398 ejson=0] no_ok_for=31833s elapsed=31806s
  [hb] synth=82/4000 queue=6382 oc[ok=0 e429=186] or[ok=0 e429=1410 ejson=0] no_ok_for=32133s elapsed=32106s
  synth=82/4000 queue=6385 oc[ok=0 e429=186] or[ok=0 e429=1419 epr=0 ejson=0 etmo=6] dropped={'api': 0, 'gate': 0, 'validate': 0, 'precheck': 65, 'exhausted': 0} no_ok_for=32312s elapsed=32285s
  [hb] synth=82/4000 queue=6296 oc[ok=0 e429=188] or[ok=0 e429=1425 ejson=0] no_ok_for=32433s elapsed=32406s
  [hb] synth=82/4000 queue=6301 oc[ok=0 e429=190] or[ok=0 e429=1439 ejson=0] no_ok_for=32733s elapsed=32706s
  [hb] synth=82/4000 queue=6306 oc[ok=0 e429=190] or[ok=0 e429=1455 ejson=0] no_ok_for=33033s elapsed=33006s
  [hb] synth=82/4000 queue=6311 oc[ok=0 e429=192] or[ok=0 e429=1470 ejson=0] no_ok_for=33333s elapsed=33306s
  [hb] synth=82/4000 queue=6315 oc[ok=0 e429=194] or[ok=0 e429=1482 ejson=0] no_ok_for=33633s elapsed=33606s
  [hb] synth=82/4000 queue=6320 oc[ok=0 e429=196] or[ok=0 e429=1497 ejson=0] no_ok_for=33933s elapsed=33906s
  [hb] synth=82/4000 queue=6325 oc[ok=0 e429=198] or[ok=0 e429=1510 ejson=0] no_ok_for=34233s elapsed=34206s
  [hb] synth=82/4000 queue=6329 oc[ok=0 e429=198] or[ok=0 e429=1523 ejson=0] no_ok_for=34533s elapsed=34506s
  [hb] synth=82/4000 queue=6333 oc[ok=0 e429=200] or[ok=0 e429=1534 ejson=0] no_ok_for=34833s elapsed=34806s
  [hb] synth=82/4000 queue=6338 oc[ok=0 e429=202] or[ok=0 e429=1549 ejson=0] no_ok_for=35133s elapsed=35107s
  [hb] synth=82/4000 queue=6343 oc[ok=0 e429=204] or[ok=0 e429=1563 ejson=0] no_ok_for=35433s elapsed=35407s
  [hb] synth=82/4000 queue=6348 oc[ok=0 e429=205] or[ok=0 e429=1577 ejson=0] no_ok_for=35733s elapsed=35707s
  [hb] synth=82/4000 queue=6353 oc[ok=0 e429=206] or[ok=0 e429=1593 ejson=0] no_ok_for=36034s elapsed=36007s
  [hb] synth=82/4000 queue=6358 oc[ok=0 e429=208] or[ok=0 e429=1607 ejson=0] no_ok_for=36334s elapsed=36307s
  [hb] synth=82/4000 queue=6363 oc[ok=0 e429=210] or[ok=0 e429=1622 ejson=0] no_ok_for=36634s elapsed=36607s
  [hb] synth=82/4000 queue=6368 oc[ok=0 e429=212] or[ok=0 e429=1637 ejson=0] no_ok_for=36934s elapsed=36907s
  [hb] synth=82/4000 queue=6371 oc[ok=0 e429=214] or[ok=0 e429=1649 ejson=0] no_ok_for=37234s elapsed=37207s
  [hb] synth=82/4000 queue=6377 oc[ok=0 e429=214] or[ok=0 e429=1664 ejson=0] no_ok_for=37534s elapsed=37507s
  synth=82/4000 queue=6381 oc[ok=0 e429=216] or[ok=0 e429=1676 epr=0 ejson=0 etmo=7] dropped={'api': 0, 'gate': 0, 'validate': 0, 'precheck': 69, 'exhausted': 0} no_ok_for=37774s elapsed=37747s
  [hb] synth=82/4000 queue=6291 oc[ok=0 e429=216] or[ok=0 e429=1679 ejson=0] no_ok_for=37834s elapsed=37807s
  [hb] synth=82/4000 queue=6296 oc[ok=0 e429=218] or[ok=0 e429=1694 ejson=0] no_ok_for=38134s elapsed=38107s
  [hb] synth=82/4000 queue=6301 oc[ok=0 e429=220] or[ok=0 e429=1706 ejson=0] no_ok_for=38434s elapsed=38407s
warning: Malware checks are experimental and may change without warning. Pass `--preview-features malware-check` to disable this warning.
loaded cache: 3000 real pairs, 7301 candidates
generating synthetic comments for up to 4000 blocks (concurrency 3) ...
  [hb] synth=0/4000 queue=6373 oc[ok=0 e429=6] or[ok=0 e429=42 ejson=0] no_ok_for=342s elapsed=300s
  [hb] synth=0/4000 queue=6378 oc[ok=0 e429=8] or[ok=0 e429=57 ejson=0] no_ok_for=642s elapsed=600s
  [hb] synth=0/4000 queue=6383 oc[ok=0 e429=10] or[ok=0 e429=71 ejson=0] no_ok_for=942s elapsed=900s
  [hb] synth=0/4000 queue=6388 oc[ok=0 e429=12] or[ok=0 e429=86 ejson=0] no_ok_for=1242s elapsed=1200s
  [hb] synth=0/4000 queue=6393 oc[ok=0 e429=14] or[ok=0 e429=99 ejson=0] no_ok_for=1542s elapsed=1500s
  [hb] synth=0/4000 queue=6397 oc[ok=0 e429=14] or[ok=0 e429=111 ejson=0] no_ok_for=1842s elapsed=1800s
  [hb] synth=0/4000 queue=6401 oc[ok=0 e429=16] or[ok=0 e429=123 ejson=0] no_ok_for=2142s elapsed=2100s
  [hb] synth=0/4000 queue=6405 oc[ok=0 e429=18] or[ok=0 e429=134 ejson=0] no_ok_for=2443s elapsed=2400s
  [hb] synth=0/4000 queue=6409 oc[ok=0 e429=20] or[ok=0 e429=146 ejson=0] no_ok_for=2743s elapsed=2700s
  [hb] synth=0/4000 queue=6412 oc[ok=0 e429=22] or[ok=0 e429=156 ejson=0] no_ok_for=3043s elapsed=3000s
  [hb] synth=0/4000 queue=6417 oc[ok=0 e429=22] or[ok=0 e429=172 ejson=0] no_ok_for=3343s elapsed=3300s
  [hb] synth=0/4000 queue=6422 oc[ok=0 e429=24] or[ok=0 e429=186 ejson=0] no_ok_for=3643s elapsed=3600s
  [hb] synth=0/4000 queue=6427 oc[ok=0 e429=26] or[ok=0 e429=200 ejson=0] no_ok_for=3943s elapsed=3900s
  [hb] synth=0/4000 queue=6431 oc[ok=0 e429=28] or[ok=0 e429=212 ejson=0] no_ok_for=4243s elapsed=4200s
warning: Malware checks are experimental and may change without warning. Pass `--preview-features malware-check` to disable this warning.
loaded cache: 3000 real pairs, 7301 candidates
generating synthetic comments for up to 4000 blocks (concurrency 3) ...
resuming from partial: 0 accepted examples
Traceback (most recent call last):
  File "/home/m0hawk/Documents/Sepalith/experiments/synthetic/comment_to_code.py", line 1232, in <module>
    main()
    ~~~~^^
  File "/home/m0hawk/Documents/Sepalith/experiments/synthetic/comment_to_code.py", line 1182, in main
    synth, api = build_synthetic(cands, args.target_b,
                 ~~~~~~~~~~~~~~~^^^^^^^^^^^^^^^^^^^^^^
                                 os.environ.get("OPENCODE_API_KEY", ""),
                                 ^^^^^^^^^^^^^^^^^^^^^^^^^^^^^^^^^^^^^^^
    ...<2 lines>...
                                 deadline_s=args.api_deadline_s,
                                 ^^^^^^^^^^^^^^^^^^^^^^^^^^^^^^^
                                 zai_key=os.environ.get("ZAI_API_KEY", ""))
                                 ^^^^^^^^^^^^^^^^^^^^^^^^^^^^^^^^^^^^^^^^^^
  File "/home/m0hawk/Documents/Sepalith/experiments/synthetic/comment_to_code.py", line 1012, in build_synthetic
    f.result()
    ~~~~~~~~^^
  File "/home/m0hawk/.local/share/uv/python/cpython-3.14-linux-x86_64-gnu/lib/python3.14/concurrent/futures/_base.py", line 443, in result
    return self.__get_result()
           ~~~~~~~~~~~~~~~~~^^
  File "/home/m0hawk/.local/share/uv/python/cpython-3.14-linux-x86_64-gnu/lib/python3.14/concurrent/futures/_base.py", line 395, in __get_result
    raise self._exception
  File "/home/m0hawk/.local/share/uv/python/cpython-3.14-linux-x86_64-gnu/lib/python3.14/concurrent/futures/thread.py", line 86, in run
    result = ctx.run(self.task)
  File "/home/m0hawk/.local/share/uv/python/cpython-3.14-linux-x86_64-gnu/lib/python3.14/concurrent/futures/thread.py", line 73, in run
    return fn(*args, **kwargs)
  File "/home/m0hawk/Documents/Sepalith/experiments/synthetic/comment_to_code.py", line 953, in work
    comment, gen = generate_comment(cand["block"], opencode_key,
                   ~~~~~~~~~~~~~~~~^^^^^^^^^^^^^^^^^^^^^^^^^^^^^
                                    openrouter_key, zai_key)
                                    ^^^^^^^^^^^^^^^^^^^^^^^^
  File "/home/m0hawk/Documents/Sepalith/experiments/synthetic/comment_to_code.py", line 779, in generate_comment
    c = call_zai(code, zai_key)
  File "/home/m0hawk/Documents/Sepalith/experiments/synthetic/comment_to_code.py", line 762, in call_zai
    r = _post(ZAI_URL, api_key, payload, timeout=60)
TypeError: _post() missing 1 required positional argument: 'source'
warning: Malware checks are experimental and may change without warning. Pass `--preview-features malware-check` to disable this warning.
loaded cache: 3000 real pairs, 7301 candidates
generating synthetic comments for up to 4000 blocks (concurrency 3) ...
resuming from partial: 0 accepted examples
Traceback (most recent call last):
  File "/home/m0hawk/Documents/Sepalith/experiments/synthetic/comment_to_code.py", line 1232, in <module>
    main()
    ~~~~^^
  File "/home/m0hawk/Documents/Sepalith/experiments/synthetic/comment_to_code.py", line 1182, in main
    synth, api = build_synthetic(cands, args.target_b,
                 ~~~~~~~~~~~~~~~^^^^^^^^^^^^^^^^^^^^^^
                                 os.environ.get("OPENCODE_API_KEY", ""),
                                 ^^^^^^^^^^^^^^^^^^^^^^^^^^^^^^^^^^^^^^^
    ...<2 lines>...
                                 deadline_s=args.api_deadline_s,
                                 ^^^^^^^^^^^^^^^^^^^^^^^^^^^^^^^
                                 zai_key=os.environ.get("ZAI_API_KEY", ""))
                                 ^^^^^^^^^^^^^^^^^^^^^^^^^^^^^^^^^^^^^^^^^^
  File "/home/m0hawk/Documents/Sepalith/experiments/synthetic/comment_to_code.py", line 1012, in build_synthetic
    f.result()
    ~~~~~~~~^^
  File "/home/m0hawk/.local/share/uv/python/cpython-3.14-linux-x86_64-gnu/lib/python3.14/concurrent/futures/_base.py", line 443, in result
    return self.__get_result()
           ~~~~~~~~~~~~~~~~~^^
  File "/home/m0hawk/.local/share/uv/python/cpython-3.14-linux-x86_64-gnu/lib/python3.14/concurrent/futures/_base.py", line 395, in __get_result
    raise self._exception
  File "/home/m0hawk/.local/share/uv/python/cpython-3.14-linux-x86_64-gnu/lib/python3.14/concurrent/futures/thread.py", line 86, in run
    result = ctx.run(self.task)
  File "/home/m0hawk/.local/share/uv/python/cpython-3.14-linux-x86_64-gnu/lib/python3.14/concurrent/futures/thread.py", line 73, in run
    return fn(*args, **kwargs)
  File "/home/m0hawk/Documents/Sepalith/experiments/synthetic/comment_to_code.py", line 953, in work
    comment, gen = generate_comment(cand["block"], opencode_key,
                   ~~~~~~~~~~~~~~~~^^^^^^^^^^^^^^^^^^^^^^^^^^^^^
                                    openrouter_key, zai_key)
                                    ^^^^^^^^^^^^^^^^^^^^^^^^
  File "/home/m0hawk/Documents/Sepalith/experiments/synthetic/comment_to_code.py", line 779, in generate_comment
    c = call_zai(code, zai_key)
  File "/home/m0hawk/Documents/Sepalith/experiments/synthetic/comment_to_code.py", line 762, in call_zai
    r = _post(ZAI_URL, api_key, payload, timeout=60)
TypeError: _post() missing 1 required positional argument: 'source'
warning: Malware checks are experimental and may change without warning. Pass `--preview-features malware-check` to disable this warning.
loaded cache: 3000 real pairs, 7301 candidates
generating synthetic comments for up to 4000 blocks (concurrency 3) ...
resuming from partial: 0 accepted examples
  [hb] synth=0/4000 queue=6360 oc[ok=0 e429=0] or[ok=0 e429=0 ejson=0] no_ok_for=10s elapsed=300s
Traceback (most recent call last):
  File "/home/m0hawk/Documents/Sepalith/experiments/synthetic/comment_to_code.py", line 1232, in <module>
    main()
    ~~~~^^
  File "/home/m0hawk/Documents/Sepalith/experiments/synthetic/comment_to_code.py", line 1182, in main
    synth, api = build_synthetic(cands, args.target_b,
                 ~~~~~~~~~~~~~~~^^^^^^^^^^^^^^^^^^^^^^
                                 os.environ.get("OPENCODE_API_KEY", ""),
                                 ^^^^^^^^^^^^^^^^^^^^^^^^^^^^^^^^^^^^^^^
    ...<2 lines>...
                                 deadline_s=args.api_deadline_s,
                                 ^^^^^^^^^^^^^^^^^^^^^^^^^^^^^^^
                                 zai_key=os.environ.get("ZAI_API_KEY", ""))
                                 ^^^^^^^^^^^^^^^^^^^^^^^^^^^^^^^^^^^^^^^^^^
  File "/home/m0hawk/Documents/Sepalith/experiments/synthetic/comment_to_code.py", line 1012, in build_synthetic
    f.result()
    ~~~~~~~~^^
  File "/home/m0hawk/.local/share/uv/python/cpython-3.14-linux-x86_64-gnu/lib/python3.14/concurrent/futures/_base.py", line 450, in result
    return self.__get_result()
           ~~~~~~~~~~~~~~~~~^^
  File "/home/m0hawk/.local/share/uv/python/cpython-3.14-linux-x86_64-gnu/lib/python3.14/concurrent/futures/_base.py", line 395, in __get_result
    raise self._exception
  File "/home/m0hawk/.local/share/uv/python/cpython-3.14-linux-x86_64-gnu/lib/python3.14/concurrent/futures/thread.py", line 86, in run
    result = ctx.run(self.task)
  File "/home/m0hawk/.local/share/uv/python/cpython-3.14-linux-x86_64-gnu/lib/python3.14/concurrent/futures/thread.py", line 73, in run
    return fn(*args, **kwargs)
  File "/home/m0hawk/Documents/Sepalith/experiments/synthetic/comment_to_code.py", line 953, in work
    comment, gen = generate_comment(cand["block"], opencode_key,
                   ~~~~~~~~~~~~~~~~^^^^^^^^^^^^^^^^^^^^^^^^^^^^^
                                    openrouter_key, zai_key)
                                    ^^^^^^^^^^^^^^^^^^^^^^^^
  File "/home/m0hawk/Documents/Sepalith/experiments/synthetic/comment_to_code.py", line 779, in generate_comment
    c = call_zai(code, zai_key)
  File "/home/m0hawk/Documents/Sepalith/experiments/synthetic/comment_to_code.py", line 763, in call_zai
    txt = (r.get("choices") or [{}])[0].get("message", {}).get("content") or ""
           ^^^^^
AttributeError: 'str' object has no attribute 'get'
warning: Malware checks are experimental and may change without warning. Pass `--preview-features malware-check` to disable this warning.
loaded cache: 3000 real pairs, 7301 candidates
generating synthetic comments for up to 4000 blocks (concurrency 3) ...
resuming from partial: 0 accepted examples
  [hb] synth=0/4000 queue=6367 oc[ok=0 e429=6] or[ok=0 e429=27 ejson=0] no_ok_for=10s elapsed=300s
  [hb] synth=0/4000 queue=6376 oc[ok=0 e429=8] or[ok=0 e429=55 ejson=0] no_ok_for=19s elapsed=600s
  [hb] synth=0/4000 queue=6386 oc[ok=0 e429=10] or[ok=0 e429=82 ejson=0] no_ok_for=13s elapsed=900s
warning: Malware checks are experimental and may change without warning. Pass `--preview-features malware-check` to disable this warning.
loaded cache: 3000 real pairs, 7301 candidates
generating synthetic comments for up to 4000 blocks (concurrency 3) ...
resuming from partial: 0 accepted examples
  [hb] synth=38/4000 queue=6362 oc[ok=0 e429=0] or[ok=0 e429=0 ejson=0] no_ok_for=6s elapsed=300s
  [hb] synth=78/4000 queue=6364 oc[ok=0 e429=0] or[ok=0 e429=0 ejson=0] no_ok_for=7s elapsed=600s
  synth=79/4000 queue=6364 oc[ok=0 e429=0] or[ok=0 e429=0 epr=0 ejson=0 etmo=0] dropped={'api': 0, 'gate': 0, 'validate': 0, 'precheck': 7, 'exhausted': 0} no_ok_for=0s elapsed=601s
  [hb] synth=117/4000 queue=6276 oc[ok=0 e429=0] or[ok=0 e429=0 ejson=0] no_ok_for=1s elapsed=900s
  synth=155/4000 queue=6277 oc[ok=0 e429=0] or[ok=0 e429=0 epr=0 ejson=0 etmo=0] dropped={'api': 0, 'gate': 0, 'validate': 0, 'precheck': 18, 'exhausted': 0} no_ok_for=0s elapsed=1166s
  [hb] synth=160/4000 queue=6187 oc[ok=0 e429=0] or[ok=0 e429=0 ejson=0] no_ok_for=2s elapsed=1200s
  [hb] synth=203/4000 queue=6187 oc[ok=0 e429=0] or[ok=0 e429=0 ejson=0] no_ok_for=3s elapsed=1500s
  synth=232/4000 queue=6189 oc[ok=0 e429=0] or[ok=0 e429=0 epr=0 ejson=0 etmo=0] dropped={'api': 0, 'gate': 0, 'validate': 0, 'precheck': 29, 'exhausted': 0} no_ok_for=0s elapsed=1731s
  [hb] synth=239/4000 queue=6100 oc[ok=0 e429=0] or[ok=0 e429=0 ejson=0] no_ok_for=4s elapsed=1800s
  [hb] synth=280/4000 queue=6102 oc[ok=0 e429=0] or[ok=0 e429=0 ejson=0] no_ok_for=5s elapsed=2100s
  synth=310/4000 queue=6104 oc[ok=0 e429=0] or[ok=0 e429=0 epr=0 ejson=0 etmo=0] dropped={'api': 0, 'gate': 0, 'validate': 0, 'precheck': 36, 'exhausted': 0} no_ok_for=0s elapsed=2335s
  [hb] synth=317/4000 queue=6015 oc[ok=0 e429=0] or[ok=0 e429=0 ejson=0] no_ok_for=0s elapsed=2400s
  [hb] synth=356/4000 queue=6018 oc[ok=0 e429=0] or[ok=0 e429=0 ejson=0] no_ok_for=1s elapsed=2700s
  synth=385/4000 queue=6019 oc[ok=0 e429=0] or[ok=0 e429=0 epr=0 ejson=0 etmo=0] dropped={'api': 0, 'gate': 0, 'validate': 0, 'precheck': 46, 'exhausted': 0} no_ok_for=0s elapsed=2915s
  [hb] synth=397/4000 queue=5929 oc[ok=0 e429=0] or[ok=0 e429=0 ejson=0] no_ok_for=3s elapsed=3000s
  [hb] synth=438/4000 queue=5930 oc[ok=0 e429=0] or[ok=0 e429=0 ejson=0] no_ok_for=4s elapsed=3300s
Traceback (most recent call last):
  File "/home/m0hawk/Documents/Sepalith/experiments/synthetic/comment_to_code.py", line 1239, in <module>
    main()
    ~~~~^^
  File "/home/m0hawk/Documents/Sepalith/experiments/synthetic/comment_to_code.py", line 1189, in main
    synth, api = build_synthetic(cands, args.target_b,
                 ~~~~~~~~~~~~~~~^^^^^^^^^^^^^^^^^^^^^^
                                 os.environ.get("OPENCODE_API_KEY", ""),
                                 ^^^^^^^^^^^^^^^^^^^^^^^^^^^^^^^^^^^^^^^
    ...<2 lines>...
                                 deadline_s=args.api_deadline_s,
                                 ^^^^^^^^^^^^^^^^^^^^^^^^^^^^^^^
                                 zai_key=os.environ.get("ZAI_API_KEY", ""))
                                 ^^^^^^^^^^^^^^^^^^^^^^^^^^^^^^^^^^^^^^^^^^
  File "/home/m0hawk/Documents/Sepalith/experiments/synthetic/comment_to_code.py", line 1019, in build_synthetic
    f.result()
    ~~~~~~~~^^
  File "/home/m0hawk/.local/share/uv/python/cpython-3.14-linux-x86_64-gnu/lib/python3.14/concurrent/futures/_base.py", line 450, in result
    return self.__get_result()
           ~~~~~~~~~~~~~~~~~^^
  File "/home/m0hawk/.local/share/uv/python/cpython-3.14-linux-x86_64-gnu/lib/python3.14/concurrent/futures/_base.py", line 395, in __get_result
    raise self._exception
  File "/home/m0hawk/.local/share/uv/python/cpython-3.14-linux-x86_64-gnu/lib/python3.14/concurrent/futures/thread.py", line 86, in run
    result = ctx.run(self.task)
  File "/home/m0hawk/.local/share/uv/python/cpython-3.14-linux-x86_64-gnu/lib/python3.14/concurrent/futures/thread.py", line 73, in run
    return fn(*args, **kwargs)
  File "/home/m0hawk/Documents/Sepalith/experiments/synthetic/comment_to_code.py", line 966, in work
    comment2, gen2 = generate_comment(cand["block"], opencode_key,
                     ~~~~~~~~~~~~~~~~^^^^^^^^^^^^^^^^^^^^^^^^^^^^^
                                      openrouter_key, zai_key)
                                      ^^^^^^^^^^^^^^^^^^^^^^^^
  File "/home/m0hawk/Documents/Sepalith/experiments/synthetic/comment_to_code.py", line 786, in generate_comment
    c = call_zai(code, zai_key)
  File "/home/m0hawk/Documents/Sepalith/experiments/synthetic/comment_to_code.py", line 773, in call_zai
    return _extract_comment(txt)
TypeError: _extract_comment() missing 1 required positional argument: 'source'
